<html>
<body>
<pre>
<h1>µVision Build Log</h1>
<h2>Project:</h2>
C:\Users\VINOD\Documents\lpc2148\worksheet1\04_uart_communication\uart.uvproj
Project File Date:  07/22/2025

<h2>Output:</h2>
Rebuild target 'Target 1'
assembling Startup.s...
compiling main.c...
compiling uart.c...
linking...
Program Size: Code=1100 RO-data=16 RW-data=0 ZI-data=1256  
FromELF: creating hex file...
".\uart.axf" - 0 Error(s), 0 Warning(s).
</pre>
</body>
</html>
compiling uart.c...
".\uart.axf" - 1 Error(s), 1 Warning(s).
Target not created
