<html>
<body>
<pre>
<h1>µVision Build Log</h1>
<h2>Project:</h2>
C:\Users\VINOD\Documents\lpc2148\worksheet1\01_blinking_led\blink_led.uvproj
Project File Date:  07/22/2025

<h2>Output:</h2>
Rebuild target 'Target 1'
assembling Startup.s...
compiling main.c...
linking...
Program Size: Code=940 RO-data=16 RW-data=0 ZI-data=1256  
FromELF: creating hex file...
".\blink_led.axf" - 0 Error(s), 0 Warning(s).
</pre>
</body>
</html>
 and 1 error messages.
".\blink_led.axf" - 1 Error(s), 0 Warning(s).
Target not created
64): warning:  #47-D: incompatible redefinition of macro "U0IIR" (declared at line 189 of "C:\Keil\ARM\Inc\Philips\LPC214X.h")
  #define U0IIR          (*((volatile unsigned char *) 0xE000C008))
C:\Keil\ARM\Inc\Philips\LPC21XX.h(169): warning:  #47-D: incompatible redefinition of macro "U0FDR" (declared at line 199 of "C:\Keil\ARM\Inc\Philips\LPC214X.h")
  #define U0FDR          (*((volatile unsigned char *) 0xE000C028))
C:\Keil\ARM\Inc\Philips\LPC21XX.h(176): warning:  #47-D: incompatible redefinition of macro "U1IER" (declared at line 205 of "C:\Keil\ARM\Inc\Philips\LPC214X.h")
  #define U1IER          (*((volatile unsigned char *) 0xE0010004))
C:\Keil\ARM\Inc\Philips\LPC21XX.h(177): warning:  #47-D: incompatible redefinition of macro "U1IIR" (declared at line 206 of "C:\Keil\ARM\Inc\Philips\LPC214X.h")
  #define U1IIR          (*((volatile unsigned char *) 0xE0010008))
C:\Keil\ARM\Inc\Philips\LPC21XX.h(184): warning:  #47-D: incompatible redefinition of macro "U1FDR" (declared at line 216 of "C:\Keil\ARM\Inc\Philips\LPC214X.h")
  #define U1FDR          (*((volatile unsigned char *) 0xE0010028))
main.c: 6 warnings, 0 errors
linking...
.\blink_led.axf: Error: L6218E: Undefined symbol delay_ms (referred from main.o).
Not enough information to list image symbols.
Finished: 1 information, 0 warning and 1 error messages.
".\blink_led.axf" - 1 Error(s), 6 Warning(s).
Target not created
