<html>
<body>
<pre>
<h1>µVision Build Log</h1>
<h2>Project:</h2>
C:\Users\VINOD\Documents\lpc2148\gpio\03_LCD\lcd.uvproj
Project File Date:  07/18/2025

<h2>Output:</h2>
Rebuild target 'Target 1'
assembling Startup.s...
compiling lcd.c...
compiling lcd_main.c...
linking...
Program Size: Code=1232 RO-data=32 RW-data=4 ZI-data=1260  
FromELF: creating hex file...
".\lcd.axf" - 0 Error(s), 0 Warning(s).
</pre>
</body>
</html>
y lcd_main.o and lcd.o).
.\lcd.axf: Error: L6200E: Symbol senddata multiply defined (by lcd_main.o and lcd.o).
Not enough information to list image symbols.
Not enough information to list the image map.
Finished: 2 information, 0 warning and 4 error messages.
".\lcd.axf" - 4 Error(s), 0 Warning(s).
Target not created
s).
Target not created
nished: 2 information, 0 warning and 4 error messages.
".\lcd.axf" - 4 Error(s), 1 Warning(s).
Target not created
