<html>
<body>
<pre>
<h1>µVision Build Log</h1>
<h2>Project:</h2>
C:\Users\VINOD\Documents\lpc2148\I2C\i2c\i2c.uvproj
Project File Date:  07/20/2025

<h2>Output:</h2>
Rebuild target 'Target 1'
assembling Startup.s...
compiling i2c.c...
compiling main.c...
compiling uart.c...
linking...
Program Size: Code=1948 RO-data=16 RW-data=0 ZI-data=1256  
FromELF: creating hex file...
".\i2c.axf" - 0 Error(s), 0 Warning(s).
 RO-data=16 RW-data=0 ZI-data=1256  
FromELF: creating hex file...
".\i2c.axf" - 0 Error(s), 1 Warning(s).
1 information, 0 warning and 1 error messages.
".\i2c.axf" - 1 Error(s), 1 Warning(s).
Target not created
(s).
Target not created
