<html>
<body>
<pre>
<h1>µVision Build Log</h1>
<h2>Project:</h2>
C:\Users\VINOD\Documents\lpc2148\RTOS\counting_semaphore\cnt_sem.uvproj
Project File Date:  08/04/2025

<h2>Output:</h2>
Rebuild target 'Target 1'
assembling Startup.s...
compiling main.c...
compiling list.c...
compiling queue.c...
compiling tasks.c...
compiling port.c...
assembling portASM.s...
compiling heap_2.c...
compiling uart.c...
linking...
Program Size: Code=14664 RO-data=48 RW-data=96 ZI-data=18232  
".\cnt_sem.axf" - 0 Error(s), 0 Warning(s).
</pre>
</body>
</html>
