ARM Linker, 5.03 [Build 76] [MDK-ARM Lite]

==============================================================================

Section Cross References

    startup.o(STACK) refers (Special) to heapauxi.o(.text) for __use_two_region_memory
    startup.o(HEAP) refers (Special) to heapauxi.o(.text) for __use_two_region_memory
    startup.o(RESET) refers (Special) to heapauxi.o(.text) for __use_two_region_memory
    startup.o(RESET) refers to portasm.o(PORT_ASM) for vPortYieldProcessor
    startup.o(RESET) refers to startup.o(STACK) for Stack_Top
    startup.o(RESET) refers to __main.o(!!!main) for __main
    startup.o(.text) refers (Special) to heapauxi.o(.text) for __use_two_region_memory
    startup.o(.text) refers to startup.o(HEAP) for Heap_Mem
    startup.o(.text) refers to startup.o(STACK) for Stack_Mem
    tasks.o(.text) refers to list.o(.text) for vListInitialise
    tasks.o(.text) refers to port.o(.text) for vPortEnterCritical
    tasks.o(.text) refers to portasm.o(PORT_ASM) for vPortYield
    tasks.o(.text) refers to aeabi_memset.o(.text) for __aeabi_memset
    tasks.o(.text) refers to heap_2.o(.text) for pvPortMalloc
    tasks.o(.text) refers to main.o(.text) for vApplicationStackOverflowHook
    tasks.o(.text) refers to tasks.o(.bss) for pxReadyTasksLists
    tasks.o(.text) refers to tasks.o(.data) for pxDelayedTaskList
    queue.o(.text) refers to port.o(.text) for vPortEnterCritical
    queue.o(.text) refers to tasks.o(.text) for xTaskRemoveFromEventList
    queue.o(.text) refers to portasm.o(PORT_ASM) for vPortYield
    queue.o(.text) refers to list.o(.text) for vListInitialise
    queue.o(.text) refers to heap_2.o(.text) for pvPortMalloc
    queue.o(.text) refers to rt_memcpy.o(.text) for __aeabi_memcpy
    port.o(.text) refers to portasm.o(PORT_ASM) for vPortStartFirstTask
    port.o(.text) refers to port.o(.data) for ulCriticalNesting
    portasm.o(PORT_ASM) refers to tasks.o(.data) for pxCurrentTCB
    portasm.o(PORT_ASM) refers to port.o(.data) for ulCriticalNesting
    portasm.o(PORT_ASM) refers to tasks.o(.text) for vTaskSwitchContext
    heap_2.o(.text) refers to tasks.o(.text) for vTaskSuspendAll
    heap_2.o(.text) refers to heap_2.o(.bss) for ucHeap
    heap_2.o(.text) refers to heap_2.o(.data) for xStart
    uart.o(.text) refers to aeabi_sdiv.o(.text_udiv) for __aeabi_uidivmod
    uart.o(.text) refers to uart.o(.constdata) for .constdata
    main.o(.text) refers to _printf_percent.o(.ARM.Collect$$_printf_percent$$00000000) for _printf_percent
    main.o(.text) refers to _printf_d.o(.ARM.Collect$$_printf_percent$$00000009) for _printf_d
    main.o(.text) refers to _printf_dec.o(.text) for _printf_int_dec
    main.o(.text) refers to queue.o(.text) for xQueueGenericReceive
    main.o(.text) refers to noretval__2sprintf.o(.text) for __2sprintf
    main.o(.text) refers to uart.o(.text) for uart_tx_string
    main.o(.text) refers to tasks.o(.text) for vTaskDelay
    main.o(.text) refers to main.o(.data) for myqueue
    __2sprintf.o(.text) refers to _printf_char_common.o(.text) for _printf_char_common
    __2sprintf.o(.text) refers to _sputc.o(.text) for _sputc
    noretval__2sprintf.o(.text) refers to _printf_char_common.o(.text) for _printf_char_common
    noretval__2sprintf.o(.text) refers to _sputc.o(.text) for _sputc
    __printf.o(.text) refers to __printf.o(i.__ARM_common_call_via_r1) for __ARM_common_call_via_r1
    __printf.o(.text) refers to _printf_percent.o(.ARM.Collect$$_printf_percent$$00000000) for _printf_percent
    __printf.o(.text) refers to __printf.o(i.__ARM_common_call_via_r2) for __ARM_common_call_via_r2
    _printf_dec.o(.text) refers to rtudiv10.o(.text) for __rt_udiv10
    _printf_dec.o(.text) refers to _printf_intcommon.o(.text) for _printf_int_common
    __printf_flags.o(.text) refers to __printf.o(i.__ARM_common_call_via_r1) for __ARM_common_call_via_r1
    __printf_flags.o(.text) refers to _printf_percent.o(.ARM.Collect$$_printf_percent$$00000000) for _printf_percent
    __printf_flags.o(.text) refers to __printf.o(i.__ARM_common_call_via_r2) for __ARM_common_call_via_r2
    __printf_flags.o(.text) refers to __printf_flags.o(.constdata) for .constdata
    __printf_ss.o(.text) refers to __printf.o(i.__ARM_common_call_via_r1) for __ARM_common_call_via_r1
    __printf_ss.o(.text) refers to _printf_percent.o(.ARM.Collect$$_printf_percent$$00000000) for _printf_percent
    __printf_ss.o(.text) refers to __printf.o(i.__ARM_common_call_via_r2) for __ARM_common_call_via_r2
    __printf_flags_ss.o(.text) refers to __printf.o(i.__ARM_common_call_via_r1) for __ARM_common_call_via_r1
    __printf_flags_ss.o(.text) refers to _printf_percent.o(.ARM.Collect$$_printf_percent$$00000000) for _printf_percent
    __printf_flags_ss.o(.text) refers to __printf.o(i.__ARM_common_call_via_r2) for __ARM_common_call_via_r2
    __printf_flags_ss.o(.text) refers to __printf_flags_ss.o(.constdata) for .constdata
    __printf_wp.o(.text) refers to __printf.o(i.__ARM_common_call_via_r1) for __ARM_common_call_via_r1
    __printf_wp.o(.text) refers to __printf_wp.o(i._is_digit) for _is_digit
    __printf_wp.o(.text) refers to _printf_percent.o(.ARM.Collect$$_printf_percent$$00000000) for _printf_percent
    __printf_wp.o(.text) refers to __printf.o(i.__ARM_common_call_via_r2) for __ARM_common_call_via_r2
    __printf_flags_wp.o(.text) refers to __printf.o(i.__ARM_common_call_via_r1) for __ARM_common_call_via_r1
    __printf_flags_wp.o(.text) refers to __printf_wp.o(i._is_digit) for _is_digit
    __printf_flags_wp.o(.text) refers to _printf_percent.o(.ARM.Collect$$_printf_percent$$00000000) for _printf_percent
    __printf_flags_wp.o(.text) refers to __printf.o(i.__ARM_common_call_via_r2) for __ARM_common_call_via_r2
    __printf_flags_wp.o(.text) refers to __printf_flags_wp.o(.constdata) for .constdata
    __printf_ss_wp.o(.text) refers to __printf.o(i.__ARM_common_call_via_r1) for __ARM_common_call_via_r1
    __printf_ss_wp.o(.text) refers to __printf_wp.o(i._is_digit) for _is_digit
    __printf_ss_wp.o(.text) refers to _printf_percent.o(.ARM.Collect$$_printf_percent$$00000000) for _printf_percent
    __printf_ss_wp.o(.text) refers to __printf.o(i.__ARM_common_call_via_r2) for __ARM_common_call_via_r2
    __printf_flags_ss_wp.o(.text) refers to __printf.o(i.__ARM_common_call_via_r1) for __ARM_common_call_via_r1
    __printf_flags_ss_wp.o(.text) refers to __printf_wp.o(i._is_digit) for _is_digit
    __printf_flags_ss_wp.o(.text) refers to _printf_percent.o(.ARM.Collect$$_printf_percent$$00000000) for _printf_percent
    __printf_flags_ss_wp.o(.text) refers to __printf.o(i.__ARM_common_call_via_r2) for __ARM_common_call_via_r2
    __printf_flags_ss_wp.o(.text) refers to __printf_flags_ss_wp.o(.constdata) for .constdata
    _printf_d.o(.ARM.Collect$$_printf_percent$$00000009) refers (Weak) to _printf_dec.o(.text) for _printf_int_dec
    _printf_percent.o(.ARM.Collect$$_printf_percent$$00000000) refers (Special) to _printf_percent_end.o(.ARM.Collect$$_printf_percent$$00000017) for _printf_percent_end
    rt_memcpy.o(.text) refers to rt_memcpy_w.o(.text) for __aeabi_memcpy4
    aeabi_memset.o(.text) refers to rt_memclr.o(.text) for _memset
    aeabi_sdiv.o(.text_udiv) refers to aeabi_sdiv.o(.text) for __arm_div2
    aeabi_sdiv_div0.o(.text_udiv) refers to aeabi_sdiv_div0.o(.text) for __arm_div2
    __main.o(!!!main) refers to rtentry.o(.ARM.Collect$$rtentry$$00000000) for __rt_entry
    rtentry.o(.ARM.Collect$$rtentry$$00000000) refers (Special) to rtentry2.o(.ARM.Collect$$rtentry$$0000000A) for __rt_entry_li
    rtentry.o(.ARM.Collect$$rtentry$$00000000) refers (Special) to rtentry2.o(.ARM.Collect$$rtentry$$0000000D) for __rt_entry_main
    rtentry.o(.ARM.Collect$$rtentry$$00000000) refers (Special) to rtentry2.o(.ARM.Collect$$rtentry$$0000000C) for __rt_entry_postli_1
    rtentry.o(.ARM.Collect$$rtentry$$00000000) refers (Special) to rtentry2.o(.ARM.Collect$$rtentry$$00000009) for __rt_entry_postsh_1
    rtentry.o(.ARM.Collect$$rtentry$$00000000) refers (Special) to rtentry2.o(.ARM.Collect$$rtentry$$00000002) for __rt_entry_presh_1
    rtentry.o(.ARM.Collect$$rtentry$$00000000) refers (Special) to rtentry4.o(.ARM.Collect$$rtentry$$00000004) for __rt_entry_sh
    aeabi_idiv0_sigfpe.o(.text) refers to rt_div0.o(.text) for __rt_div0
    _printf_intcommon.o(.text) refers to __printf.o(i.__ARM_common_call_via_r2) for __ARM_common_call_via_r2
    _printf_char_common.o(.text) refers to __printf.o(.text) for __printf
    rt_memclr.o(.text) refers to rt_memclr_w.o(.text) for _memset_w
    rtentry2.o(.ARM.Collect$$rtentry$$00000008) refers to boardinit2.o(.text) for _platform_post_stackheap_init
    rtentry2.o(.ARM.Collect$$rtentry$$0000000A) refers to libinit.o(.ARM.Collect$$libinit$$00000000) for __rt_lib_init
    rtentry2.o(.ARM.Collect$$rtentry$$0000000B) refers to boardinit3.o(.text) for _platform_post_lib_init
    rtentry2.o(.ARM.Collect$$rtentry$$0000000D) refers to exit.o(.text) for exit
    rtentry2.o(.ARM.Collect$$rtentry$$0000000D) refers to main.o(.text) for main
    rtentry2.o(.ARM.exidx) refers to rtentry2.o(.ARM.Collect$$rtentry$$00000001) for .ARM.Collect$$rtentry$$00000001
    rtentry2.o(.ARM.exidx) refers to rtentry2.o(.ARM.Collect$$rtentry$$00000008) for .ARM.Collect$$rtentry$$00000008
    rtentry2.o(.ARM.exidx) refers to rtentry2.o(.ARM.Collect$$rtentry$$0000000A) for .ARM.Collect$$rtentry$$0000000A
    rtentry2.o(.ARM.exidx) refers to rtentry2.o(.ARM.Collect$$rtentry$$0000000B) for .ARM.Collect$$rtentry$$0000000B
    rtentry2.o(.ARM.exidx) refers to rtentry2.o(.ARM.Collect$$rtentry$$0000000D) for .ARM.Collect$$rtentry$$0000000D
    rtentry4.o(.ARM.Collect$$rtentry$$00000004) refers to sys_stackheap_outer.o(.text) for __user_setup_stackheap
    rtentry4.o(.ARM.exidx) refers to rtentry4.o(.ARM.Collect$$rtentry$$00000004) for .ARM.Collect$$rtentry$$00000004
    rt_div0.o(.text) refers to defsig_fpe_outer.o(.text) for __rt_SIGFPE
    __printf_nopercent.o(.text) refers to __printf_nopercent.o(i.__ARM_common_call_via_r7) for __ARM_common_call_via_r7
    __printf_nopercent.o(.text) refers to __printf_nopercent.o(i.__ARM_common_call_via_r5) for __ARM_common_call_via_r5
    sys_stackheap_outer.o(.text) refers to libspace.o(.text) for __user_perproc_libspace
    sys_stackheap_outer.o(.text) refers to startup.o(.text) for __user_initial_stackheap
    exit.o(.text) refers to rtexit.o(.ARM.Collect$$rtexit$$00000000) for __rt_exit
    defsig_fpe_outer.o(.text) refers to defsig_fpe_inner.o(.text) for __rt_SIGFPE_inner
    defsig_fpe_outer.o(.text) refers to defsig_exit.o(.text) for __sig_exit
    defsig_fpe_formal.o(.text) refers to rt_raise.o(.text) for __rt_raise
    libinit.o(.ARM.Collect$$libinit$$00000000) refers (Special) to libinit2.o(.ARM.Collect$$libinit$$0000002C) for __rt_lib_init_alloca_1
    libinit.o(.ARM.Collect$$libinit$$00000000) refers (Special) to libinit2.o(.ARM.Collect$$libinit$$0000002A) for __rt_lib_init_argv_1
    libinit.o(.ARM.Collect$$libinit$$00000000) refers (Special) to libinit2.o(.ARM.Collect$$libinit$$00000019) for __rt_lib_init_atexit_1
    libinit.o(.ARM.Collect$$libinit$$00000000) refers (Special) to libinit2.o(.ARM.Collect$$libinit$$0000001F) for __rt_lib_init_clock_1
    libinit.o(.ARM.Collect$$libinit$$00000000) refers (Special) to libinit2.o(.ARM.Collect$$libinit$$00000030) for __rt_lib_init_cpp_1
    libinit.o(.ARM.Collect$$libinit$$00000000) refers (Special) to libinit2.o(.ARM.Collect$$libinit$$0000002E) for __rt_lib_init_exceptions_1
    libinit.o(.ARM.Collect$$libinit$$00000000) refers (Special) to libinit2.o(.ARM.Collect$$libinit$$00000002) for __rt_lib_init_fp_1
    libinit.o(.ARM.Collect$$libinit$$00000000) refers (Special) to libinit2.o(.ARM.Collect$$libinit$$0000001D) for __rt_lib_init_fp_trap_1
    libinit.o(.ARM.Collect$$libinit$$00000000) refers (Special) to libinit2.o(.ARM.Collect$$libinit$$00000021) for __rt_lib_init_getenv_1
    libinit.o(.ARM.Collect$$libinit$$00000000) refers (Special) to libinit2.o(.ARM.Collect$$libinit$$00000008) for __rt_lib_init_heap_1
    libinit.o(.ARM.Collect$$libinit$$00000000) refers (Special) to libinit2.o(.ARM.Collect$$libinit$$0000000F) for __rt_lib_init_lc_collate_1
    libinit.o(.ARM.Collect$$libinit$$00000000) refers (Special) to libinit2.o(.ARM.Collect$$libinit$$00000011) for __rt_lib_init_lc_ctype_1
    libinit.o(.ARM.Collect$$libinit$$00000000) refers (Special) to libinit2.o(.ARM.Collect$$libinit$$00000013) for __rt_lib_init_lc_monetary_1
    libinit.o(.ARM.Collect$$libinit$$00000000) refers (Special) to libinit2.o(.ARM.Collect$$libinit$$00000015) for __rt_lib_init_lc_numeric_1
    libinit.o(.ARM.Collect$$libinit$$00000000) refers (Special) to libinit2.o(.ARM.Collect$$libinit$$00000017) for __rt_lib_init_lc_time_1
    libinit.o(.ARM.Collect$$libinit$$00000000) refers (Special) to libinit2.o(.ARM.Collect$$libinit$$0000000C) for __rt_lib_init_rand_1
    libinit.o(.ARM.Collect$$libinit$$00000000) refers (Special) to libinit2.o(.ARM.Collect$$libinit$$00000031) for __rt_lib_init_return
    libinit.o(.ARM.Collect$$libinit$$00000000) refers (Special) to libinit2.o(.ARM.Collect$$libinit$$0000001B) for __rt_lib_init_signal_1
    libinit.o(.ARM.Collect$$libinit$$00000000) refers (Special) to libinit2.o(.ARM.Collect$$libinit$$00000023) for __rt_lib_init_stdio_1
    libinit.o(.ARM.Collect$$libinit$$00000000) refers (Special) to libinit2.o(.ARM.Collect$$libinit$$0000000A) for __rt_lib_init_user_alloc_1
    libspace.o(.text) refers to libspace.o(.bss) for __libspace_start
    rtexit.o(.ARM.Collect$$rtexit$$00000000) refers (Special) to rtexit2.o(.ARM.Collect$$rtexit$$00000004) for __rt_exit_exit
    rtexit.o(.ARM.Collect$$rtexit$$00000000) refers (Special) to rtexit2.o(.ARM.Collect$$rtexit$$00000003) for __rt_exit_ls
    rtexit.o(.ARM.Collect$$rtexit$$00000000) refers (Special) to rtexit2.o(.ARM.Collect$$rtexit$$00000002) for __rt_exit_prels_1
    rtexit.o(.ARM.exidx) refers (Special) to rtexit2.o(.ARM.Collect$$rtexit$$00000004) for __rt_exit_exit
    rtexit.o(.ARM.exidx) refers (Special) to rtexit2.o(.ARM.Collect$$rtexit$$00000003) for __rt_exit_ls
    rtexit.o(.ARM.exidx) refers (Special) to rtexit2.o(.ARM.Collect$$rtexit$$00000002) for __rt_exit_prels_1
    rtexit.o(.ARM.exidx) refers to rtexit.o(.ARM.Collect$$rtexit$$00000000) for .ARM.Collect$$rtexit$$00000000
    rt_raise.o(.text) refers to __raise.o(.text) for __raise
    rt_raise.o(.text) refers to sys_exit.o(.text) for _sys_exit
    defsig_exit.o(.text) refers to sys_exit.o(.text) for _sys_exit
    defsig_fpe_inner.o(.text) refers to defsig_general.o(.text) for __default_signal_display
    libinit2.o(.ARM.Collect$$libinit$$00000001) refers to fpinit.o(x$fpl$fpinit) for _fp_init
    libinit2.o(.ARM.Collect$$libinit$$0000000E) refers to libinit2.o(.ARM.Collect$$libinit$$0000000D) for .ARM.Collect$$libinit$$0000000D
    libinit2.o(.ARM.Collect$$libinit$$00000010) refers to libinit2.o(.ARM.Collect$$libinit$$0000000D) for .ARM.Collect$$libinit$$0000000D
    libinit2.o(.ARM.Collect$$libinit$$00000012) refers to libinit2.o(.ARM.Collect$$libinit$$0000000D) for .ARM.Collect$$libinit$$0000000D
    libinit2.o(.ARM.Collect$$libinit$$00000014) refers to libinit2.o(.ARM.Collect$$libinit$$0000000D) for .ARM.Collect$$libinit$$0000000D
    libinit2.o(.ARM.Collect$$libinit$$00000016) refers to libinit2.o(.ARM.Collect$$libinit$$0000000D) for .ARM.Collect$$libinit$$0000000D
    libinit2.o(.ARM.Collect$$libinit$$00000024) refers to argv_veneer.o(.emb_text) for __ARM_argv_veneer
    libinit2.o(.ARM.Collect$$libinit$$00000025) refers to argv_veneer.o(.emb_text) for __ARM_argv_veneer
    sys_exit.o(.text) refers (Special) to use_no_semi.o(.text) for __I$use$semihosting
    sys_exit.o(.text) refers (Special) to indicate_semi.o(.text) for __semihosting_library_function
    rtexit2.o(.ARM.Collect$$rtexit$$00000003) refers to libshutdown.o(.ARM.Collect$$libshutdown$$00000000) for __rt_lib_shutdown
    rtexit2.o(.ARM.Collect$$rtexit$$00000004) refers to sys_exit.o(.text) for _sys_exit
    rtexit2.o(.ARM.exidx) refers to rtexit2.o(.ARM.Collect$$rtexit$$00000001) for .ARM.Collect$$rtexit$$00000001
    rtexit2.o(.ARM.exidx) refers to rtexit2.o(.ARM.Collect$$rtexit$$00000003) for .ARM.Collect$$rtexit$$00000003
    rtexit2.o(.ARM.exidx) refers to rtexit2.o(.ARM.Collect$$rtexit$$00000004) for .ARM.Collect$$rtexit$$00000004
    __raise.o(.text) refers to __printf.o(i.__ARM_common_call_via_r2) for __ARM_common_call_via_r2
    __raise.o(.text) refers to defsig.o(CL$$defsig) for __default_signal_handler
    defsig_general.o(.text) refers to sys_wrch.o(.text) for _ttywrch
    argv_veneer.o(.emb_text) refers to no_argv.o(.text) for __ARM_get_argv
    sys_wrch.o(.text) refers (Special) to use_no_semi.o(.text) for __I$use$semihosting
    sys_wrch.o(.text) refers (Special) to indicate_semi.o(.text) for __semihosting_library_function
    defsig.o(CL$$defsig) refers to defsig_fpe_inner.o(.text) for __rt_SIGFPE_inner
    defsig.o(CL$$defsig) refers to defsig_rtmem_inner.o(.text) for __rt_SIGRTMEM_inner
    _get_argv_nomalloc.o(.text) refers (Special) to hrguard.o(.text) for __heap_region$guard
    _get_argv_nomalloc.o(.text) refers to defsig_rtmem_outer.o(.text) for __rt_SIGRTMEM
    _get_argv_nomalloc.o(.text) refers to sys_command.o(.text) for _sys_command_string
    libshutdown.o(.ARM.Collect$$libshutdown$$00000000) refers (Special) to libshutdown2.o(.ARM.Collect$$libshutdown$$00000006) for __rt_lib_shutdown_fp_trap_1
    libshutdown.o(.ARM.Collect$$libshutdown$$00000000) refers (Special) to libshutdown2.o(.ARM.Collect$$libshutdown$$0000000E) for __rt_lib_shutdown_heap_1
    libshutdown.o(.ARM.Collect$$libshutdown$$00000000) refers (Special) to libshutdown2.o(.ARM.Collect$$libshutdown$$0000000F) for __rt_lib_shutdown_return
    libshutdown.o(.ARM.Collect$$libshutdown$$00000000) refers (Special) to libshutdown2.o(.ARM.Collect$$libshutdown$$00000009) for __rt_lib_shutdown_signal_1
    libshutdown.o(.ARM.Collect$$libshutdown$$00000000) refers (Special) to libshutdown2.o(.ARM.Collect$$libshutdown$$00000003) for __rt_lib_shutdown_stdio_1
    libshutdown.o(.ARM.Collect$$libshutdown$$00000000) refers (Special) to libshutdown2.o(.ARM.Collect$$libshutdown$$0000000B) for __rt_lib_shutdown_user_alloc_1
    sys_command.o(.text) refers (Special) to use_no_semi.o(.text) for __I$use$semihosting
    sys_command.o(.text) refers (Special) to indicate_semi.o(.text) for __semihosting_library_function
    defsig_abrt_inner.o(.text) refers to defsig_general.o(.text) for __default_signal_display
    defsig_rtred_inner.o(.text) refers to defsig_general.o(.text) for __default_signal_display
    defsig_rtmem_inner.o(.text) refers to defsig_general.o(.text) for __default_signal_display
    defsig_rtmem_outer.o(.text) refers to defsig_rtmem_inner.o(.text) for __rt_SIGRTMEM_inner
    defsig_rtmem_outer.o(.text) refers to defsig_exit.o(.text) for __sig_exit
    defsig_rtmem_formal.o(.text) refers to rt_raise.o(.text) for __rt_raise
    defsig_stak_inner.o(.text) refers to defsig_general.o(.text) for __default_signal_display
    defsig_pvfn_inner.o(.text) refers to defsig_general.o(.text) for __default_signal_display
    defsig_cppl_inner.o(.text) refers to defsig_general.o(.text) for __default_signal_display
    defsig_segv_inner.o(.text) refers to defsig_general.o(.text) for __default_signal_display
    defsig_other.o(.text) refers to defsig_general.o(.text) for __default_signal_display


==============================================================================

Adding Veneers to the image

    Adding TA veneer (4 bytes, Inline) for call to '_printf_percent' from __printf.o(.text).
    Adding AT veneer (8 bytes, Inline) for call to '__rt_lib_init' from rtentry2.o(.ARM.Collect$$rtentry$$0000000A).
    Adding AT veneer (8 bytes, Inline) for call to '__rt_lib_shutdown' from rtexit2.o(.ARM.Collect$$rtexit$$00000003).
    Adding TA veneer (4 bytes, Inline) for call to '__rt_exit' from exit.o(.text).
    Adding AT veneer (8 bytes, Inline) for call to '__2sprintf' from main.o(.text).
    Adding AT veneer (8 bytes, Inline) for call to '_printf_int_dec' from _printf_d.o(.ARM.Collect$$_printf_percent$$00000009).
    Adding TA veneer (4 bytes, Inline) for call to '__rt_udiv10' from _printf_dec.o(.text).
    Adding AT veneer (8 bytes, Inline) for call to '_sys_exit' from rtexit2.o(.ARM.Collect$$rtexit$$00000004).

8 Veneer(s) (total 52 bytes) added to the image.

==============================================================================

Image Symbol Table

    Local Symbols

    Symbol Name                              Value     Ov Type        Size  Object(Section)

    RESET                                    0x00000000   Section      260  startup.o(RESET)
    ../clib/angel/boardlib.s                 0x00000000   Number         0  boardinit2.o ABSOLUTE
    ../clib/angel/boardlib.s                 0x00000000   Number         0  boardinit1.o ABSOLUTE
    ../clib/angel/boardlib.s                 0x00000000   Number         0  boardshut.o ABSOLUTE
    ../clib/angel/boardlib.s                 0x00000000   Number         0  boardinit3.o ABSOLUTE
    ../clib/angel/handlers.s                 0x00000000   Number         0  __scatter_zi.o ABSOLUTE
    ../clib/angel/handlers.s                 0x00000000   Number         0  __scatter_copy.o ABSOLUTE
    ../clib/angel/kernel.s                   0x00000000   Number         0  rtexit2.o ABSOLUTE
    ../clib/angel/kernel.s                   0x00000000   Number         0  rtentry2.o ABSOLUTE
    ../clib/angel/kernel.s                   0x00000000   Number         0  rtentry.o ABSOLUTE
    ../clib/angel/kernel.s                   0x00000000   Number         0  rtentry4.o ABSOLUTE
    ../clib/angel/kernel.s                   0x00000000   Number         0  rtexit.o ABSOLUTE
    ../clib/angel/rt.s                       0x00000000   Number         0  aeabi_idiv0.o ABSOLUTE
    ../clib/angel/rt.s                       0x00000000   Number         0  rt_raise.o ABSOLUTE
    ../clib/angel/rt.s                       0x00000000   Number         0  rt_div0.o ABSOLUTE
    ../clib/angel/rt.s                       0x00000000   Number         0  aeabi_idiv0_sigfpe.o ABSOLUTE
    ../clib/angel/scatter.s                  0x00000000   Number         0  __scatter.o ABSOLUTE
    ../clib/angel/startup.s                  0x00000000   Number         0  __main.o ABSOLUTE
    ../clib/angel/sys.s                      0x00000000   Number         0  use_no_semi.o ABSOLUTE
    ../clib/angel/sys.s                      0x00000000   Number         0  sys_stackheap_outer.o ABSOLUTE
    ../clib/angel/sys.s                      0x00000000   Number         0  indicate_semi.o ABSOLUTE
    ../clib/angel/sys.s                      0x00000000   Number         0  libspace.o ABSOLUTE
    ../clib/angel/sysapp.c                   0x00000000   Number         0  sys_wrch.o ABSOLUTE
    ../clib/angel/sysapp.c                   0x00000000   Number         0  sys_command.o ABSOLUTE
    ../clib/angel/sysapp.c                   0x00000000   Number         0  sys_exit.o ABSOLUTE
    ../clib/armsys.c                         0x00000000   Number         0  argv_veneer.o ABSOLUTE
    ../clib/armsys.c                         0x00000000   Number         0  argv_veneer.o ABSOLUTE
    ../clib/armsys.c                         0x00000000   Number         0  _get_argv_nomalloc.o ABSOLUTE
    ../clib/armsys.c                         0x00000000   Number         0  no_argv.o ABSOLUTE
    ../clib/division.s                       0x00000000   Number         0  rtudiv10.o ABSOLUTE
    ../clib/division.s                       0x00000000   Number         0  aeabi_sdiv.o ABSOLUTE
    ../clib/division.s                       0x00000000   Number         0  aeabi_sdiv_div0.o ABSOLUTE
    ../clib/divrt.s                          0x00000000   Number         0  divrt_7tdmi.o ABSOLUTE
    ../clib/divrt.s                          0x00000000   Number         0  divrt_7tdmi_div0.o ABSOLUTE
    ../clib/heapalloc.c                      0x00000000   Number         0  hrguard.o ABSOLUTE
    ../clib/heapaux.c                        0x00000000   Number         0  heapauxi.o ABSOLUTE
    ../clib/libinit.s                        0x00000000   Number         0  libinit.o ABSOLUTE
    ../clib/libinit.s                        0x00000000   Number         0  libshutdown2.o ABSOLUTE
    ../clib/libinit.s                        0x00000000   Number         0  libshutdown.o ABSOLUTE
    ../clib/libinit.s                        0x00000000   Number         0  libinit2.o ABSOLUTE
    ../clib/memcpset.s                       0x00000000   Number         0  rt_memclr_w.o ABSOLUTE
    ../clib/memcpset.s                       0x00000000   Number         0  rt_memcpy.o ABSOLUTE
    ../clib/memcpset.s                       0x00000000   Number         0  rt_memclr.o ABSOLUTE
    ../clib/memcpset.s                       0x00000000   Number         0  aeabi_memset.o ABSOLUTE
    ../clib/memcpset.s                       0x00000000   Number         0  rt_memcpy_w.o ABSOLUTE
    ../clib/printf.c                         0x00000000   Number         0  __printf_flags_ss.o ABSOLUTE
    ../clib/printf.c                         0x00000000   Number         0  __printf.o ABSOLUTE
    ../clib/printf.c                         0x00000000   Number         0  _sputc.o ABSOLUTE
    ../clib/printf.c                         0x00000000   Number         0  noretval__2sprintf.o ABSOLUTE
    ../clib/printf.c                         0x00000000   Number         0  __2sprintf.o ABSOLUTE
    ../clib/printf.c                         0x00000000   Number         0  _printf_intcommon.o ABSOLUTE
    ../clib/printf.c                         0x00000000   Number         0  _printf_char_common.o ABSOLUTE
    ../clib/printf.c                         0x00000000   Number         0  _printf_dec.o ABSOLUTE
    ../clib/printf.c                         0x00000000   Number         0  __printf_nopercent.o ABSOLUTE
    ../clib/printf.c                         0x00000000   Number         0  __printf_flags.o ABSOLUTE
    ../clib/printf.c                         0x00000000   Number         0  __printf_ss.o ABSOLUTE
    ../clib/printf.c                         0x00000000   Number         0  __printf_wp.o ABSOLUTE
    ../clib/printf.c                         0x00000000   Number         0  __printf_flags_wp.o ABSOLUTE
    ../clib/printf.c                         0x00000000   Number         0  __printf_ss_wp.o ABSOLUTE
    ../clib/printf.c                         0x00000000   Number         0  __printf_flags_ss_wp.o ABSOLUTE
    ../clib/printf_percent.s                 0x00000000   Number         0  _printf_percent.o ABSOLUTE
    ../clib/printf_percent.s                 0x00000000   Number         0  _printf_percent_end.o ABSOLUTE
    ../clib/printf_percent.s                 0x00000000   Number         0  _printf_d.o ABSOLUTE
    ../clib/signal.c                         0x00000000   Number         0  defsig_fpe_formal.o ABSOLUTE
    ../clib/signal.c                         0x00000000   Number         0  defsig_pvfn_inner.o ABSOLUTE
    ../clib/signal.c                         0x00000000   Number         0  defsig_cppl_inner.o ABSOLUTE
    ../clib/signal.c                         0x00000000   Number         0  defsig_fpe_inner.o ABSOLUTE
    ../clib/signal.c                         0x00000000   Number         0  defsig_exit.o ABSOLUTE
    ../clib/signal.c                         0x00000000   Number         0  defsig_segv_inner.o ABSOLUTE
    ../clib/signal.c                         0x00000000   Number         0  defsig_other.o ABSOLUTE
    ../clib/signal.c                         0x00000000   Number         0  defsig_stak_inner.o ABSOLUTE
    ../clib/signal.c                         0x00000000   Number         0  defsig_abrt_inner.o ABSOLUTE
    ../clib/signal.c                         0x00000000   Number         0  defsig_rtred_inner.o ABSOLUTE
    ../clib/signal.c                         0x00000000   Number         0  defsig_rtmem_inner.o ABSOLUTE
    ../clib/signal.c                         0x00000000   Number         0  defsig_rtmem_outer.o ABSOLUTE
    ../clib/signal.c                         0x00000000   Number         0  defsig_general.o ABSOLUTE
    ../clib/signal.c                         0x00000000   Number         0  defsig_fpe_outer.o ABSOLUTE
    ../clib/signal.c                         0x00000000   Number         0  __raise.o ABSOLUTE
    ../clib/signal.c                         0x00000000   Number         0  defsig_rtmem_formal.o ABSOLUTE
    ../clib/signal.s                         0x00000000   Number         0  defsig.o ABSOLUTE
    ../clib/stdlib.c                         0x00000000   Number         0  exit.o ABSOLUTE
    ../fplib/fpinit.s                        0x00000000   Number         0  fpinit.o ABSOLUTE
    ..\..\UART\uart2\uart.c                  0x00000000   Number         0  uart.o ABSOLUTE
    C:\Keil\FreeRTOS_V9.0.0rc2\FreeRTOS\Source\list.c 0x00000000   Number         0  list.o ABSOLUTE
    C:\Keil\FreeRTOS_V9.0.0rc2\FreeRTOS\Source\portable\MemMang\heap_2.c 0x00000000   Number         0  heap_2.o ABSOLUTE
    C:\Keil\FreeRTOS_V9.0.0rc2\FreeRTOS\Source\portable\RVDS\ARM7_LPC21xx\port.c 0x00000000   Number         0  port.o ABSOLUTE
    C:\Keil\FreeRTOS_V9.0.0rc2\FreeRTOS\Source\portable\RVDS\ARM7_LPC21xx\portASM.s 0x00000000   Number         0  portasm.o ABSOLUTE
    C:\Keil\FreeRTOS_V9.0.0rc2\FreeRTOS\Source\queue.c 0x00000000   Number         0  queue.o ABSOLUTE
    C:\Keil\FreeRTOS_V9.0.0rc2\FreeRTOS\Source\tasks.c 0x00000000   Number         0  tasks.o ABSOLUTE
    Startup.s                                0x00000000   Number         0  startup.o ABSOLUTE
    dc.s                                     0x00000000   Number         0  dc.o ABSOLUTE
    main.c                                   0x00000000   Number         0  main.o ABSOLUTE
    Undef_Handler                            0x00000040   ARM Code       4  startup.o(RESET)
    PAbt_Handler                             0x00000048   ARM Code       4  startup.o(RESET)
    DAbt_Handler                             0x0000004c   ARM Code       4  startup.o(RESET)
    IRQ_Handler                              0x00000050   ARM Code       4  startup.o(RESET)
    FIQ_Handler                              0x00000054   ARM Code       4  startup.o(RESET)
    !!!main                                  0x00000104   Section        8  __main.o(!!!main)
    !!!scatter                               0x0000010c   Section       60  __scatter.o(!!!scatter)
    !!handler_copy                           0x00000148   Section       40  __scatter_copy.o(!!handler_copy)
    !!handler_zi                             0x00000170   Section       44  __scatter_zi.o(!!handler_zi)
    .ARM.Collect$$_printf_percent$$00000000  0x000001a0   Section        0  _printf_percent.o(.ARM.Collect$$_printf_percent$$00000000)
    .ARM.Collect$$_printf_percent$$00000009  0x000001a0   Section        8  _printf_d.o(.ARM.Collect$$_printf_percent$$00000009)
    .ARM.Collect$$_printf_percent$$00000017  0x000001a8   Section        8  _printf_percent_end.o(.ARM.Collect$$_printf_percent$$00000017)
    .ARM.Collect$$libinit$$00000000          0x000001b8   Section        2  libinit.o(.ARM.Collect$$libinit$$00000000)
    .ARM.Collect$$libinit$$00000002          0x000001ba   Section        0  libinit2.o(.ARM.Collect$$libinit$$00000002)
    .ARM.Collect$$libinit$$00000008          0x000001ba   Section        0  libinit2.o(.ARM.Collect$$libinit$$00000008)
    .ARM.Collect$$libinit$$0000000A          0x000001ba   Section        0  libinit2.o(.ARM.Collect$$libinit$$0000000A)
    .ARM.Collect$$libinit$$0000000C          0x000001ba   Section        0  libinit2.o(.ARM.Collect$$libinit$$0000000C)
    .ARM.Collect$$libinit$$0000000F          0x000001ba   Section        0  libinit2.o(.ARM.Collect$$libinit$$0000000F)
    .ARM.Collect$$libinit$$00000011          0x000001ba   Section        0  libinit2.o(.ARM.Collect$$libinit$$00000011)
    .ARM.Collect$$libinit$$00000013          0x000001ba   Section        0  libinit2.o(.ARM.Collect$$libinit$$00000013)
    .ARM.Collect$$libinit$$00000015          0x000001ba   Section        0  libinit2.o(.ARM.Collect$$libinit$$00000015)
    .ARM.Collect$$libinit$$00000017          0x000001ba   Section        0  libinit2.o(.ARM.Collect$$libinit$$00000017)
    .ARM.Collect$$libinit$$00000019          0x000001ba   Section        0  libinit2.o(.ARM.Collect$$libinit$$00000019)
    .ARM.Collect$$libinit$$0000001B          0x000001ba   Section        0  libinit2.o(.ARM.Collect$$libinit$$0000001B)
    .ARM.Collect$$libinit$$0000001D          0x000001ba   Section        0  libinit2.o(.ARM.Collect$$libinit$$0000001D)
    .ARM.Collect$$libinit$$0000001F          0x000001ba   Section        0  libinit2.o(.ARM.Collect$$libinit$$0000001F)
    .ARM.Collect$$libinit$$00000021          0x000001ba   Section        0  libinit2.o(.ARM.Collect$$libinit$$00000021)
    .ARM.Collect$$libinit$$00000023          0x000001ba   Section        0  libinit2.o(.ARM.Collect$$libinit$$00000023)
    .ARM.Collect$$libinit$$0000002A          0x000001ba   Section        0  libinit2.o(.ARM.Collect$$libinit$$0000002A)
    .ARM.Collect$$libinit$$0000002C          0x000001ba   Section        0  libinit2.o(.ARM.Collect$$libinit$$0000002C)
    .ARM.Collect$$libinit$$0000002E          0x000001ba   Section        0  libinit2.o(.ARM.Collect$$libinit$$0000002E)
    .ARM.Collect$$libinit$$00000030          0x000001ba   Section        0  libinit2.o(.ARM.Collect$$libinit$$00000030)
    .ARM.Collect$$libinit$$00000031          0x000001ba   Section       12  libinit2.o(.ARM.Collect$$libinit$$00000031)
    .ARM.Collect$$libshutdown$$00000000      0x000001d0   Section        4  libshutdown.o(.ARM.Collect$$libshutdown$$00000000)
    .ARM.Collect$$libshutdown$$00000003      0x000001d4   Section        0  libshutdown2.o(.ARM.Collect$$libshutdown$$00000003)
    .ARM.Collect$$libshutdown$$00000006      0x000001d4   Section        0  libshutdown2.o(.ARM.Collect$$libshutdown$$00000006)
    .ARM.Collect$$libshutdown$$00000009      0x000001d4   Section        0  libshutdown2.o(.ARM.Collect$$libshutdown$$00000009)
    .ARM.Collect$$libshutdown$$0000000B      0x000001d4   Section        0  libshutdown2.o(.ARM.Collect$$libshutdown$$0000000B)
    .ARM.Collect$$libshutdown$$0000000E      0x000001d4   Section        0  libshutdown2.o(.ARM.Collect$$libshutdown$$0000000E)
    .ARM.Collect$$libshutdown$$0000000F      0x000001d4   Section        6  libshutdown2.o(.ARM.Collect$$libshutdown$$0000000F)
    .ARM.Collect$$rtentry$$00000000          0x000001dc   Section        0  rtentry.o(.ARM.Collect$$rtentry$$00000000)
    .ARM.Collect$$rtentry$$00000002          0x000001dc   Section        0  rtentry2.o(.ARM.Collect$$rtentry$$00000002)
    .ARM.Collect$$rtentry$$00000004          0x000001dc   Section        8  rtentry4.o(.ARM.Collect$$rtentry$$00000004)
    .ARM.Collect$$rtentry$$00000009          0x000001e4   Section        0  rtentry2.o(.ARM.Collect$$rtentry$$00000009)
    .ARM.Collect$$rtentry$$0000000A          0x000001e4   Section        4  rtentry2.o(.ARM.Collect$$rtentry$$0000000A)
    .ARM.Collect$$rtentry$$0000000C          0x000001e8   Section        0  rtentry2.o(.ARM.Collect$$rtentry$$0000000C)
    .ARM.Collect$$rtentry$$0000000D          0x000001e8   Section       40  rtentry2.o(.ARM.Collect$$rtentry$$0000000D)
    .ARM.Collect$$rtexit$$00000000           0x00000214   Section        4  rtexit.o(.ARM.Collect$$rtexit$$00000000)
    .ARM.Collect$$rtexit$$00000002           0x00000218   Section        0  rtexit2.o(.ARM.Collect$$rtexit$$00000002)
    .ARM.Collect$$rtexit$$00000003           0x00000218   Section        4  rtexit2.o(.ARM.Collect$$rtexit$$00000003)
    .ARM.Collect$$rtexit$$00000004           0x0000021c   Section        8  rtexit2.o(.ARM.Collect$$rtexit$$00000004)
    .text                                    0x00000224   Section       32  startup.o(.text)
    .text                                    0x00000244   Section        0  tasks.o(.text)
    prvInitialiseTaskLists                   0x00000244   ARM Code     112  tasks.o(.text)
    prvAddNewTaskToReadyList                 0x000002b4   ARM Code     272  tasks.o(.text)
    prvInitialiseNewTask                     0x000003c4   ARM Code     248  tasks.o(.text)
    prvResetNextTaskUnblockTime              0x00000560   ARM Code      88  tasks.o(.text)
    prvDeleteTCB                             0x000005b8   ARM Code      32  tasks.o(.text)
    prvAddCurrentTaskToDelayedList           0x000009d4   ARM Code     184  tasks.o(.text)
    prvTaskIsTaskSuspended                   0x00000fc0   ARM Code     208  tasks.o(.text)
    prvCheckTasksWaitingTermination          0x000011dc   ARM Code     160  tasks.o(.text)
    prvIdleTask                              0x0000127c   ARM Code      32  tasks.o(.text)
    prvTaskCheckFreeStackSpace               0x0000139c   ARM Code      48  tasks.o(.text)
    prvListTasksWithinSingleList             0x000014ac   ARM Code     188  tasks.o(.text)
    .text                                    0x000020b0   Section        0  queue.o(.text)
    prvInitialiseNewQueue                    0x0000216c   ARM Code      76  queue.o(.text)
    prvUnlockQueue                           0x00002218   ARM Code     232  queue.o(.text)
    prvIsQueueFull                           0x00002300   ARM Code      56  queue.o(.text)
    prvCopyDataToQueue                       0x00002338   ARM Code     244  queue.o(.text)
    prvInitialiseMutex                       0x000025a8   ARM Code      60  queue.o(.text)
    prvIsQueueEmpty                          0x000027b4   ARM Code      52  queue.o(.text)
    prvCopyDataFromQueue                     0x000027e8   ARM Code      88  queue.o(.text)
    .text                                    0x00002bfc   Section        0  list.o(.text)
    .text                                    0x00002d10   Section        0  port.o(.text)
    prvSetupTimerInterrupt                   0x00002dfc   ARM Code     100  port.o(.text)
    .text                                    0x00002f08   Section        0  heap_2.o(.text)
    prvHeapInit                              0x00002f08   ARM Code      72  heap_2.o(.text)
    .text                                    0x00003114   Section        0  uart.o(.text)
    .text                                    0x00003218   Section        0  main.o(.text)
    .text                                    0x00003374   Section        0  noretval__2sprintf.o(.text)
    .text                                    0x0000339c   Section        0  __printf.o(.text)
    .text                                    0x0000341c   Section        0  _printf_dec.o(.text)
    .text                                    0x0000348c   Section      212  rt_memcpy.o(.text)
    .text                                    0x00003560   Section       16  aeabi_memset.o(.text)
    .text                                    0x00003570   Section      384  aeabi_sdiv.o(.text)
    __arm_div8                               0x0000359c   ARM Code       0  aeabi_sdiv.o(.text)
    __arm_div5                               0x000035c0   ARM Code       0  aeabi_sdiv.o(.text)
    __arm_div2                               0x000035e4   ARM Code       0  aeabi_sdiv.o(.text)
    __arm_div_large                          0x00003620   ARM Code       0  aeabi_sdiv.o(.text)
    .text                                    0x000036f0   Section        0  heapauxi.o(.text)
    .text                                    0x000036f6   Section        0  _printf_intcommon.o(.text)
    .text                                    0x000037b0   Section        0  _printf_char_common.o(.text)
    _printf_input_char                       0x000037b1   Thumb Code    10  _printf_char_common.o(.text)
    .text                                    0x000037e0   Section        0  _sputc.o(.text)
    .text                                    0x000037ec   Section      100  rt_memcpy_w.o(.text)
    .text                                    0x00003850   Section       64  rt_memclr.o(.text)
    .text                                    0x00003894   Section       44  rtudiv10.o(.text)
    .text                                    0x000038c0   Section       84  rt_memclr_w.o(.text)
    .text                                    0x00003914   Section       96  sys_stackheap_outer.o(.text)
    .text                                    0x00003974   Section        0  exit.o(.text)
    .text                                    0x00003980   Section       12  libspace.o(.text)
    .text                                    0x00003994   Section        0  sys_exit.o(.text)
    .text                                    0x000039a0   Section        4  use_no_semi.o(.text)
    .text                                    0x000039a4   Section        0  indicate_semi.o(.text)
    .text_udiv                               0x000039a4   Section       36  aeabi_sdiv.o(.text_udiv)
    PORT_ASM                                 0x000039c8   Section      396  portasm.o(PORT_ASM)
    i.__ARM_common_call_via_r1               0x00003b54   Section        0  __printf.o(i.__ARM_common_call_via_r1)
    i.__ARM_common_call_via_r2               0x00003b56   Section        0  __printf.o(i.__ARM_common_call_via_r2)
    .constdata                               0x00003b58   Section       16  uart.o(.constdata)
    .data                                    0x40000000   Section       60  tasks.o(.data)
    uxDeletedTasksWaitingCleanUp             0x40000004   Data           4  tasks.o(.data)
    uxCurrentNumberOfTasks                   0x40000008   Data           4  tasks.o(.data)
    xTickCount                               0x4000000c   Data           4  tasks.o(.data)
    uxTopReadyPriority                       0x40000010   Data           4  tasks.o(.data)
    xSchedulerRunning                        0x40000014   Data           4  tasks.o(.data)
    uxPendedTicks                            0x40000018   Data           4  tasks.o(.data)
    xYieldPending                            0x4000001c   Data           4  tasks.o(.data)
    xNumOfOverflows                          0x40000020   Data           4  tasks.o(.data)
    uxTaskNumber                             0x40000024   Data           4  tasks.o(.data)
    xNextTaskUnblockTime                     0x40000028   Data           4  tasks.o(.data)
    xIdleTaskHandle                          0x4000002c   Data           4  tasks.o(.data)
    uxSchedulerSuspended                     0x40000030   Data           4  tasks.o(.data)
    pxDelayedTaskList                        0x40000034   Data           4  tasks.o(.data)
    pxOverflowDelayedTaskList                0x40000038   Data           4  tasks.o(.data)
    .data                                    0x4000003c   Section        4  port.o(.data)
    .data                                    0x40000040   Section       24  heap_2.o(.data)
    xFreeBytesRemaining                      0x40000040   Data           4  heap_2.o(.data)
    xHeapHasBeenInitialised                  0x40000044   Data           4  heap_2.o(.data)
    xStart                                   0x40000048   Data           8  heap_2.o(.data)
    xEnd                                     0x40000050   Data           8  heap_2.o(.data)
    .data                                    0x40000058   Section        4  main.o(.data)
    .bss                                     0x4000005c   Section      180  tasks.o(.bss)
    pxReadyTasksLists                        0x4000005c   Data          80  tasks.o(.bss)
    xDelayedTaskList1                        0x400000ac   Data          20  tasks.o(.bss)
    xDelayedTaskList2                        0x400000c0   Data          20  tasks.o(.bss)
    xPendingReadyList                        0x400000d4   Data          20  tasks.o(.bss)
    xTasksWaitingTermination                 0x400000e8   Data          20  tasks.o(.bss)
    xSuspendedTaskList                       0x400000fc   Data          20  tasks.o(.bss)
    .bss                                     0x40000110   Section    16384  heap_2.o(.bss)
    ucHeap                                   0x40000110   Data       16384  heap_2.o(.bss)
    .bss                                     0x40004110   Section       96  libspace.o(.bss)
    HEAP                                     0x40004170   Section        0  startup.o(HEAP)
    STACK                                    0x40004170   Section     1568  startup.o(STACK)
    Heap_Mem                                 0x40004170   Data           0  startup.o(HEAP)
    Stack_Mem                                0x40004170   Data        1568  startup.o(STACK)
    Stack_Top                                0x40004790   Data           0  startup.o(STACK)

    Global Symbols

    Symbol Name                              Value     Ov Type        Size  Object(Section)

    BuildAttributes$$THM_ISAv1$ARM_ISAv4$S$PE$A:L22$X:L11$S22$IEEE1$IW$USESV6$~STKCKD$USESV7$~SHL$OSPACE$ROPI$EBA8$UX$STANDARDLIB$REQ8$PRES8$EABIv2 0x00000000   Number         0  anon$$obj.o ABSOLUTE
    __ARM_use_no_argv                        0x00000000   Number         0  main.o ABSOLUTE
    __ARM_exceptions_init                     - Undefined Weak Reference
    __alloca_initialize                       - Undefined Weak Reference
    __cpp_initialize__aeabi_                  - Undefined Weak Reference
    __cxa_finalize                            - Undefined Weak Reference
    __rt_locale                               - Undefined Weak Reference
    __sigvec_lookup                           - Undefined Weak Reference
    _atexit_init                              - Undefined Weak Reference
    _call_atexit_fns                          - Undefined Weak Reference
    _clock_init                               - Undefined Weak Reference
    _fp_trap_init                             - Undefined Weak Reference
    _fp_trap_shutdown                         - Undefined Weak Reference
    _get_lc_collate                           - Undefined Weak Reference
    _get_lc_ctype                             - Undefined Weak Reference
    _get_lc_monetary                          - Undefined Weak Reference
    _get_lc_numeric                           - Undefined Weak Reference
    _get_lc_time                              - Undefined Weak Reference
    _getenv_init                              - Undefined Weak Reference
    _handle_redirection                       - Undefined Weak Reference
    _init_alloc                               - Undefined Weak Reference
    _init_user_alloc                          - Undefined Weak Reference
    _initio                                   - Undefined Weak Reference
    _printf_post_padding                      - Undefined Weak Reference
    _printf_pre_padding                       - Undefined Weak Reference
    _printf_truncate_signed                   - Undefined Weak Reference
    _printf_truncate_unsigned                 - Undefined Weak Reference
    _rand_init                                - Undefined Weak Reference
    _signal_finish                            - Undefined Weak Reference
    _signal_init                              - Undefined Weak Reference
    _terminate_alloc                          - Undefined Weak Reference
    _terminate_user_alloc                     - Undefined Weak Reference
    _terminateio                              - Undefined Weak Reference
    Reset_Handler                            0x00000058   ARM Code       0  startup.o(RESET)
    __main                                   0x00000104   ARM Code       8  __main.o(!!!main)
    __scatterload                            0x0000010c   ARM Code       0  __scatter.o(!!!scatter)
    __scatterload_rt2                        0x0000010c   ARM Code      52  __scatter.o(!!!scatter)
    __scatterload_null                       0x00000120   ARM Code       0  __scatter.o(!!!scatter)
    __scatterload_copy                       0x00000148   ARM Code      40  __scatter_copy.o(!!handler_copy)
    __scatterload_zeroinit                   0x00000170   ARM Code      44  __scatter_zi.o(!!handler_zi)
    Inline Thumb to ARM Veneer to _printf_percent 0x0000019d   Thumb Code     4  _printf_percent.o(.ARM.Collect$$_printf_percent$$00000000)
    _printf_d                                0x000001a0   ARM Code       0  _printf_d.o(.ARM.Collect$$_printf_percent$$00000009)
    _printf_percent                          0x000001a0   ARM Code       0  _printf_percent.o(.ARM.Collect$$_printf_percent$$00000000)
    _printf_percent_end                      0x000001a8   ARM Code       0  _printf_percent_end.o(.ARM.Collect$$_printf_percent$$00000017)
    Inline ARM to Thumb Veneer to __rt_lib_init 0x000001b0   ARM Code       8  libinit.o(.ARM.Collect$$libinit$$00000000)
    __rt_lib_init                            0x000001b9   Thumb Code     0  libinit.o(.ARM.Collect$$libinit$$00000000)
    __rt_lib_init_alloca_1                   0x000001bb   Thumb Code     0  libinit2.o(.ARM.Collect$$libinit$$0000002C)
    __rt_lib_init_argv_1                     0x000001bb   Thumb Code     0  libinit2.o(.ARM.Collect$$libinit$$0000002A)
    __rt_lib_init_atexit_1                   0x000001bb   Thumb Code     0  libinit2.o(.ARM.Collect$$libinit$$00000019)
    __rt_lib_init_clock_1                    0x000001bb   Thumb Code     0  libinit2.o(.ARM.Collect$$libinit$$0000001F)
    __rt_lib_init_cpp_1                      0x000001bb   Thumb Code     0  libinit2.o(.ARM.Collect$$libinit$$00000030)
    __rt_lib_init_exceptions_1               0x000001bb   Thumb Code     0  libinit2.o(.ARM.Collect$$libinit$$0000002E)
    __rt_lib_init_fp_1                       0x000001bb   Thumb Code     0  libinit2.o(.ARM.Collect$$libinit$$00000002)
    __rt_lib_init_fp_trap_1                  0x000001bb   Thumb Code     0  libinit2.o(.ARM.Collect$$libinit$$0000001D)
    __rt_lib_init_getenv_1                   0x000001bb   Thumb Code     0  libinit2.o(.ARM.Collect$$libinit$$00000021)
    __rt_lib_init_heap_1                     0x000001bb   Thumb Code     0  libinit2.o(.ARM.Collect$$libinit$$00000008)
    __rt_lib_init_lc_collate_1               0x000001bb   Thumb Code     0  libinit2.o(.ARM.Collect$$libinit$$0000000F)
    __rt_lib_init_lc_ctype_1                 0x000001bb   Thumb Code     0  libinit2.o(.ARM.Collect$$libinit$$00000011)
    __rt_lib_init_lc_monetary_1              0x000001bb   Thumb Code     0  libinit2.o(.ARM.Collect$$libinit$$00000013)
    __rt_lib_init_lc_numeric_1               0x000001bb   Thumb Code     0  libinit2.o(.ARM.Collect$$libinit$$00000015)
    __rt_lib_init_lc_time_1                  0x000001bb   Thumb Code     0  libinit2.o(.ARM.Collect$$libinit$$00000017)
    __rt_lib_init_rand_1                     0x000001bb   Thumb Code     0  libinit2.o(.ARM.Collect$$libinit$$0000000C)
    __rt_lib_init_return                     0x000001bb   Thumb Code     0  libinit2.o(.ARM.Collect$$libinit$$00000031)
    __rt_lib_init_signal_1                   0x000001bb   Thumb Code     0  libinit2.o(.ARM.Collect$$libinit$$0000001B)
    __rt_lib_init_stdio_1                    0x000001bb   Thumb Code     0  libinit2.o(.ARM.Collect$$libinit$$00000023)
    __rt_lib_init_user_alloc_1               0x000001bb   Thumb Code     0  libinit2.o(.ARM.Collect$$libinit$$0000000A)
    Inline ARM to Thumb Veneer to __rt_lib_shutdown 0x000001c8   ARM Code       8  libshutdown.o(.ARM.Collect$$libshutdown$$00000000)
    __rt_lib_shutdown                        0x000001d1   Thumb Code     0  libshutdown.o(.ARM.Collect$$libshutdown$$00000000)
    __rt_lib_shutdown_fp_trap_1              0x000001d5   Thumb Code     0  libshutdown2.o(.ARM.Collect$$libshutdown$$00000006)
    __rt_lib_shutdown_heap_1                 0x000001d5   Thumb Code     0  libshutdown2.o(.ARM.Collect$$libshutdown$$0000000E)
    __rt_lib_shutdown_return                 0x000001d5   Thumb Code     0  libshutdown2.o(.ARM.Collect$$libshutdown$$0000000F)
    __rt_lib_shutdown_signal_1               0x000001d5   Thumb Code     0  libshutdown2.o(.ARM.Collect$$libshutdown$$00000009)
    __rt_lib_shutdown_stdio_1                0x000001d5   Thumb Code     0  libshutdown2.o(.ARM.Collect$$libshutdown$$00000003)
    __rt_lib_shutdown_user_alloc_1           0x000001d5   Thumb Code     0  libshutdown2.o(.ARM.Collect$$libshutdown$$0000000B)
    __rt_entry                               0x000001dc   ARM Code       0  rtentry.o(.ARM.Collect$$rtentry$$00000000)
    __rt_entry_presh_1                       0x000001dc   ARM Code       0  rtentry2.o(.ARM.Collect$$rtentry$$00000002)
    __rt_entry_sh                            0x000001dc   ARM Code       0  rtentry4.o(.ARM.Collect$$rtentry$$00000004)
    __rt_entry_li                            0x000001e4   ARM Code       0  rtentry2.o(.ARM.Collect$$rtentry$$0000000A)
    __rt_entry_postsh_1                      0x000001e4   ARM Code       0  rtentry2.o(.ARM.Collect$$rtentry$$00000009)
    __rt_entry_main                          0x000001e8   ARM Code       0  rtentry2.o(.ARM.Collect$$rtentry$$0000000D)
    __rt_entry_postli_1                      0x000001e8   ARM Code       0  rtentry2.o(.ARM.Collect$$rtentry$$0000000C)
    Inline Thumb to ARM Veneer to __rt_exit  0x00000211   Thumb Code     4  rtexit.o(.ARM.Collect$$rtexit$$00000000)
    __rt_exit                                0x00000214   ARM Code       0  rtexit.o(.ARM.Collect$$rtexit$$00000000)
    __rt_exit_ls                             0x00000218   ARM Code       0  rtexit2.o(.ARM.Collect$$rtexit$$00000003)
    __rt_exit_prels_1                        0x00000218   ARM Code       0  rtexit2.o(.ARM.Collect$$rtexit$$00000002)
    __rt_exit_exit                           0x0000021c   ARM Code       0  rtexit2.o(.ARM.Collect$$rtexit$$00000004)
    __user_initial_stackheap                 0x00000224   ARM Code       0  startup.o(.text)
    xTaskCreate                              0x000004bc   ARM Code     164  tasks.o(.text)
    vTaskDelete                              0x000005d8   ARM Code     232  tasks.o(.text)
    xTaskIncrementTick                       0x000006c0   ARM Code     440  tasks.o(.text)
    xTaskResumeAll                           0x00000878   ARM Code     348  tasks.o(.text)
    vTaskSuspendAll                          0x00000a8c   ARM Code      24  tasks.o(.text)
    vTaskDelayUntil                          0x00000aa4   ARM Code     152  tasks.o(.text)
    vTaskDelay                               0x00000b3c   ARM Code      64  tasks.o(.text)
    eTaskGetState                            0x00000b7c   ARM Code     172  tasks.o(.text)
    uxTaskPriorityGet                        0x00000c28   ARM Code      60  tasks.o(.text)
    uxTaskPriorityGetFromISR                 0x00000c64   ARM Code      44  tasks.o(.text)
    vTaskPrioritySet                         0x00000c90   ARM Code     328  tasks.o(.text)
    vTaskSwitchContext                       0x00000dd8   ARM Code     284  tasks.o(.text)
    vTaskSuspend                             0x00000ef4   ARM Code     204  tasks.o(.text)
    vTaskResume                              0x00001090   ARM Code     160  tasks.o(.text)
    xTaskResumeFromISR                       0x00001130   ARM Code     172  tasks.o(.text)
    vTaskStartScheduler                      0x0000129c   ARM Code     116  tasks.o(.text)
    vTaskEndScheduler                        0x00001310   ARM Code      40  tasks.o(.text)
    xTaskGetTickCount                        0x00001338   ARM Code      32  tasks.o(.text)
    xTaskGetTickCountFromISR                 0x00001358   ARM Code      16  tasks.o(.text)
    uxTaskGetNumberOfTasks                   0x00001368   ARM Code      12  tasks.o(.text)
    pcTaskGetName                            0x00001374   ARM Code      40  tasks.o(.text)
    vTaskGetTaskInfo                         0x000013cc   ARM Code     224  tasks.o(.text)
    uxTaskGetSystemState                     0x00001568   ARM Code     228  tasks.o(.text)
    vTaskPlaceOnEventList                    0x0000164c   ARM Code      52  tasks.o(.text)
    vTaskPlaceOnUnorderedEventList           0x00001680   ARM Code      72  tasks.o(.text)
    xTaskRemoveFromEventList                 0x000016c8   ARM Code     180  tasks.o(.text)
    xTaskRemoveFromUnorderedEventList        0x0000177c   ARM Code     156  tasks.o(.text)
    vTaskSetTimeOutState                     0x00001818   ARM Code      28  tasks.o(.text)
    xTaskCheckForTimeOut                     0x00001834   ARM Code     160  tasks.o(.text)
    vTaskMissedYield                         0x000018d4   ARM Code      16  tasks.o(.text)
    uxTaskGetTaskNumber                      0x000018e4   ARM Code      32  tasks.o(.text)
    vTaskSetTaskNumber                       0x00001904   ARM Code      20  tasks.o(.text)
    uxTaskGetStackHighWaterMark              0x00001918   ARM Code      64  tasks.o(.text)
    xTaskGetCurrentTaskHandle                0x00001958   ARM Code      12  tasks.o(.text)
    vTaskPriorityInherit                     0x00001964   ARM Code     232  tasks.o(.text)
    xTaskPriorityDisinherit                  0x00001a4c   ARM Code     164  tasks.o(.text)
    uxTaskResetEventItemValue                0x00001af0   ARM Code      44  tasks.o(.text)
    pvTaskIncrementMutexHeldCount            0x00001b1c   ARM Code      52  tasks.o(.text)
    ulTaskNotifyTake                         0x00001b50   ARM Code     180  tasks.o(.text)
    xTaskNotifyWait                          0x00001c04   ARM Code     228  tasks.o(.text)
    xTaskGenericNotify                       0x00001ce8   ARM Code     300  tasks.o(.text)
    xTaskGenericNotifyFromISR                0x00001e14   ARM Code     364  tasks.o(.text)
    vTaskNotifyGiveFromISR                   0x00001f80   ARM Code     212  tasks.o(.text)
    xTaskNotifyStateClear                    0x00002054   ARM Code      88  tasks.o(.text)
    xQueueGenericReset                       0x000020b0   ARM Code     188  queue.o(.text)
    xQueueGenericCreate                      0x000021b8   ARM Code      96  queue.o(.text)
    xQueueGenericSend                        0x0000242c   ARM Code     380  queue.o(.text)
    xQueueCreateMutex                        0x000025e4   ARM Code      56  queue.o(.text)
    xQueueCreateCountingSemaphore            0x0000261c   ARM Code      56  queue.o(.text)
    xQueueGenericSendFromISR                 0x00002654   ARM Code     188  queue.o(.text)
    xQueueGiveFromISR                        0x00002710   ARM Code     164  queue.o(.text)
    xQueueGenericReceive                     0x00002840   ARM Code     488  queue.o(.text)
    xQueueReceiveFromISR                     0x00002a28   ARM Code     176  queue.o(.text)
    xQueuePeekFromISR                        0x00002ad8   ARM Code      76  queue.o(.text)
    uxQueueMessagesWaiting                   0x00002b24   ARM Code      32  queue.o(.text)
    uxQueueSpacesAvailable                   0x00002b44   ARM Code      44  queue.o(.text)
    uxQueueMessagesWaitingFromISR            0x00002b70   ARM Code      12  queue.o(.text)
    vQueueDelete                             0x00002b7c   ARM Code      28  queue.o(.text)
    uxQueueGetQueueNumber                    0x00002b98   ARM Code      12  queue.o(.text)
    vQueueSetQueueNumber                     0x00002ba4   ARM Code       8  queue.o(.text)
    ucQueueGetQueueType                      0x00002bac   ARM Code      12  queue.o(.text)
    xQueueIsQueueEmptyFromISR                0x00002bb8   ARM Code      32  queue.o(.text)
    xQueueIsQueueFullFromISR                 0x00002bd8   ARM Code      36  queue.o(.text)
    vListInitialise                          0x00002bfc   ARM Code      44  list.o(.text)
    vListInitialiseItem                      0x00002c28   ARM Code      12  list.o(.text)
    vListInsertEnd                           0x00002c34   ARM Code      48  list.o(.text)
    vListInsert                              0x00002c64   ARM Code      96  list.o(.text)
    uxListRemove                             0x00002cc4   ARM Code      76  list.o(.text)
    pxPortInitialiseStack                    0x00002d10   ARM Code     236  port.o(.text)
    xPortStartScheduler                      0x00002e60   ARM Code      24  port.o(.text)
    vPortEndScheduler                        0x00002e78   ARM Code       4  port.o(.text)
    vPortEnterCritical                       0x00002e7c   ARM Code      36  port.o(.text)
    vPortExitCritical                        0x00002ea0   ARM Code      68  port.o(.text)
    pvPortMalloc                             0x00002f50   ARM Code     300  heap_2.o(.text)
    vPortFree                                0x0000307c   ARM Code     112  heap_2.o(.text)
    xPortGetFreeHeapSize                     0x000030ec   ARM Code      12  heap_2.o(.text)
    vPortInitialiseBlocks                    0x000030f8   ARM Code       4  heap_2.o(.text)
    init_uart                                0x00003114   ARM Code     124  uart.o(.text)
    uart_tx                                  0x00003190   ARM Code      36  uart.o(.text)
    uart_tx_string                           0x000031b4   ARM Code      48  uart.o(.text)
    uart_rx                                  0x000031e4   ARM Code      32  uart.o(.text)
    receiver                                 0x00003218   ARM Code      68  main.o(.text)
    sender                                   0x0000325c   ARM Code      68  main.o(.text)
    main                                     0x000032a0   ARM Code     136  main.o(.text)
    vApplicationStackOverflowHook            0x00003328   ARM Code      16  main.o(.text)
    Inline ARM to Thumb Veneer to __2sprintf 0x0000336c   ARM Code       8  noretval__2sprintf.o(.text)
    __2sprintf                               0x00003375   Thumb Code    36  noretval__2sprintf.o(.text)
    __printf                                 0x0000339d   Thumb Code   118  __printf.o(.text)
    Inline ARM to Thumb Veneer to _printf_int_dec 0x00003414   ARM Code       8  _printf_dec.o(.text)
    _printf_int_dec                          0x0000341d   Thumb Code    94  _printf_dec.o(.text)
    __aeabi_memcpy                           0x0000348c   ARM Code       0  rt_memcpy.o(.text)
    __rt_memcpy                              0x0000348c   ARM Code     212  rt_memcpy.o(.text)
    _memcpy_lastbytes                        0x00003540   ARM Code       0  rt_memcpy.o(.text)
    __aeabi_memset                           0x00003560   ARM Code      16  aeabi_memset.o(.text)
    __aeabi_idiv                             0x00003570   ARM Code       0  aeabi_sdiv.o(.text)
    __aeabi_idivmod                          0x00003570   ARM Code     384  aeabi_sdiv.o(.text)
    __use_two_region_memory                  0x000036f1   Thumb Code     2  heapauxi.o(.text)
    __rt_heap_escrow$2region                 0x000036f3   Thumb Code     2  heapauxi.o(.text)
    __rt_heap_expand$2region                 0x000036f5   Thumb Code     2  heapauxi.o(.text)
    _printf_int_common                       0x000036f7   Thumb Code   186  _printf_intcommon.o(.text)
    _printf_char_common                      0x000037bb   Thumb Code    34  _printf_char_common.o(.text)
    _sputc                                   0x000037e1   Thumb Code    10  _sputc.o(.text)
    __aeabi_memcpy4                          0x000037ec   ARM Code       0  rt_memcpy_w.o(.text)
    __aeabi_memcpy8                          0x000037ec   ARM Code       0  rt_memcpy_w.o(.text)
    __rt_memcpy_w                            0x000037ec   ARM Code     100  rt_memcpy_w.o(.text)
    _memcpy_lastbytes_aligned                0x00003838   ARM Code       0  rt_memcpy_w.o(.text)
    __aeabi_memclr                           0x00003850   ARM Code       0  rt_memclr.o(.text)
    __rt_memclr                              0x00003850   ARM Code      64  rt_memclr.o(.text)
    _memset                                  0x00003854   ARM Code       0  rt_memclr.o(.text)
    Inline Thumb to ARM Veneer to __rt_udiv10 0x00003891   Thumb Code     4  rtudiv10.o(.text)
    __rt_udiv10                              0x00003894   ARM Code      44  rtudiv10.o(.text)
    __aeabi_memclr4                          0x000038c0   ARM Code       0  rt_memclr_w.o(.text)
    __aeabi_memclr8                          0x000038c0   ARM Code       0  rt_memclr_w.o(.text)
    __rt_memclr_w                            0x000038c0   ARM Code      84  rt_memclr_w.o(.text)
    _memset_w                                0x000038c4   ARM Code       0  rt_memclr_w.o(.text)
    __user_setup_stackheap                   0x00003914   ARM Code      96  sys_stackheap_outer.o(.text)
    exit                                     0x00003975   Thumb Code    12  exit.o(.text)
    __user_libspace                          0x00003980   ARM Code      12  libspace.o(.text)
    __user_perproc_libspace                  0x00003980   ARM Code       0  libspace.o(.text)
    __user_perthread_libspace                0x00003980   ARM Code       0  libspace.o(.text)
    Inline ARM to Thumb Veneer to _sys_exit  0x0000398c   ARM Code       8  sys_exit.o(.text)
    _sys_exit                                0x00003995   Thumb Code     8  sys_exit.o(.text)
    __I$use$semihosting                      0x000039a0   ARM Code       0  use_no_semi.o(.text)
    __use_no_semihosting_swi                 0x000039a0   ARM Code       4  use_no_semi.o(.text)
    __aeabi_uidiv                            0x000039a4   ARM Code       0  aeabi_sdiv.o(.text_udiv)
    __aeabi_uidivmod                         0x000039a4   ARM Code      36  aeabi_sdiv.o(.text_udiv)
    __semihosting_library_function           0x000039a4   ARM Code       0  indicate_semi.o(.text)
    vPortStartFirstTask                      0x000039c8   ARM Code       0  portasm.o(PORT_ASM)
    vPortYield                               0x000039f8   ARM Code       0  portasm.o(PORT_ASM)
    vPortYieldProcessor                      0x00003a00   ARM Code       0  portasm.o(PORT_ASM)
    vPreemptiveTick                          0x00003a8c   ARM Code       0  portasm.o(PORT_ASM)
    __ARM_common_call_via_r1                 0x00003b55   Thumb Code     2  __printf.o(i.__ARM_common_call_via_r1)
    __ARM_common_call_via_r2                 0x00003b57   Thumb Code     2  __printf.o(i.__ARM_common_call_via_r2)
    Region$$Table$$Base                      0x00003b68   Number         0  anon$$obj.o(Region$$Table)
    Region$$Table$$Limit                     0x00003b88   Number         0  anon$$obj.o(Region$$Table)
    pxCurrentTCB                             0x40000000   Data           4  tasks.o(.data)
    ulCriticalNesting                        0x4000003c   Data           4  port.o(.data)
    myqueue                                  0x40000058   Data           4  main.o(.data)
    __libspace_start                         0x40004110   Data          96  libspace.o(.bss)
    __temporary_stack_top$libspace           0x40004170   Data           0  libspace.o(.bss)



==============================================================================

Memory Map of the image

  Image Entry point : 0x00000104

  Load Region LR_IROM1 (Base: 0x00000000, Size: 0x00003be4, Max: 0x00080000, ABSOLUTE)

    Execution Region ER_IROM1 (Base: 0x00000000, Size: 0x00003b88, Max: 0x00080000, ABSOLUTE)

    Base Addr    Size         Type   Attr      Idx    E Section Name        Object

    0x00000000   0x00000104   Code   RO            3    RESET               startup.o
    0x00000104   0x00000008   Code   RO          232  * !!!main             c_t.l(__main.o)
    0x0000010c   0x0000003c   Code   RO          417    !!!scatter          c_t.l(__scatter.o)
    0x00000148   0x00000028   Code   RO          419    !!handler_copy      c_t.l(__scatter_copy.o)
    0x00000170   0x0000002c   Code   RO          421    !!handler_zi        c_t.l(__scatter_zi.o)
    0x0000019c   0x00000004   Ven    RO          209    .ARM.Collect$$_printf_percent$$00000000  c_t.l(_printf_percent.o)
    0x000001a0   0x00000000   Code   RO          209    .ARM.Collect$$_printf_percent$$00000000  c_t.l(_printf_percent.o)
    0x000001a0   0x00000008   Code   RO          208    .ARM.Collect$$_printf_percent$$00000009  c_t.l(_printf_d.o)
    0x000001a8   0x00000008   Code   RO          245    .ARM.Collect$$_printf_percent$$00000017  c_t.l(_printf_percent_end.o)
    0x000001b0   0x00000008   Ven    RO          290    .ARM.Collect$$libinit$$00000000  c_t.l(libinit.o)
    0x000001b8   0x00000002   Code   RO          290    .ARM.Collect$$libinit$$00000000  c_t.l(libinit.o)
    0x000001ba   0x00000000   Code   RO          303    .ARM.Collect$$libinit$$00000002  c_t.l(libinit2.o)
    0x000001ba   0x00000000   Code   RO          306    .ARM.Collect$$libinit$$00000008  c_t.l(libinit2.o)
    0x000001ba   0x00000000   Code   RO          308    .ARM.Collect$$libinit$$0000000A  c_t.l(libinit2.o)
    0x000001ba   0x00000000   Code   RO          310    .ARM.Collect$$libinit$$0000000C  c_t.l(libinit2.o)
    0x000001ba   0x00000000   Code   RO          313    .ARM.Collect$$libinit$$0000000F  c_t.l(libinit2.o)
    0x000001ba   0x00000000   Code   RO          315    .ARM.Collect$$libinit$$00000011  c_t.l(libinit2.o)
    0x000001ba   0x00000000   Code   RO          317    .ARM.Collect$$libinit$$00000013  c_t.l(libinit2.o)
    0x000001ba   0x00000000   Code   RO          319    .ARM.Collect$$libinit$$00000015  c_t.l(libinit2.o)
    0x000001ba   0x00000000   Code   RO          321    .ARM.Collect$$libinit$$00000017  c_t.l(libinit2.o)
    0x000001ba   0x00000000   Code   RO          323    .ARM.Collect$$libinit$$00000019  c_t.l(libinit2.o)
    0x000001ba   0x00000000   Code   RO          325    .ARM.Collect$$libinit$$0000001B  c_t.l(libinit2.o)
    0x000001ba   0x00000000   Code   RO          327    .ARM.Collect$$libinit$$0000001D  c_t.l(libinit2.o)
    0x000001ba   0x00000000   Code   RO          329    .ARM.Collect$$libinit$$0000001F  c_t.l(libinit2.o)
    0x000001ba   0x00000000   Code   RO          331    .ARM.Collect$$libinit$$00000021  c_t.l(libinit2.o)
    0x000001ba   0x00000000   Code   RO          333    .ARM.Collect$$libinit$$00000023  c_t.l(libinit2.o)
    0x000001ba   0x00000000   Code   RO          337    .ARM.Collect$$libinit$$0000002A  c_t.l(libinit2.o)
    0x000001ba   0x00000000   Code   RO          339    .ARM.Collect$$libinit$$0000002C  c_t.l(libinit2.o)
    0x000001ba   0x00000000   Code   RO          341    .ARM.Collect$$libinit$$0000002E  c_t.l(libinit2.o)
    0x000001ba   0x00000000   Code   RO          343    .ARM.Collect$$libinit$$00000030  c_t.l(libinit2.o)
    0x000001ba   0x0000000c   Code   RO          344    .ARM.Collect$$libinit$$00000031  c_t.l(libinit2.o)
    0x000001c6   0x00000002   PAD
    0x000001c8   0x00000008   Ven    RO          375    .ARM.Collect$$libshutdown$$00000000  c_t.l(libshutdown.o)
    0x000001d0   0x00000004   Code   RO          375    .ARM.Collect$$libshutdown$$00000000  c_t.l(libshutdown.o)
    0x000001d4   0x00000000   Code   RO          402    .ARM.Collect$$libshutdown$$00000003  c_t.l(libshutdown2.o)
    0x000001d4   0x00000000   Code   RO          405    .ARM.Collect$$libshutdown$$00000006  c_t.l(libshutdown2.o)
    0x000001d4   0x00000000   Code   RO          408    .ARM.Collect$$libshutdown$$00000009  c_t.l(libshutdown2.o)
    0x000001d4   0x00000000   Code   RO          410    .ARM.Collect$$libshutdown$$0000000B  c_t.l(libshutdown2.o)
    0x000001d4   0x00000000   Code   RO          413    .ARM.Collect$$libshutdown$$0000000E  c_t.l(libshutdown2.o)
    0x000001d4   0x00000006   Code   RO          414    .ARM.Collect$$libshutdown$$0000000F  c_t.l(libshutdown2.o)
    0x000001da   0x00000002   PAD
    0x000001dc   0x00000000   Code   RO          234    .ARM.Collect$$rtentry$$00000000  c_t.l(rtentry.o)
    0x000001dc   0x00000000   Code   RO          253    .ARM.Collect$$rtentry$$00000002  c_t.l(rtentry2.o)
    0x000001dc   0x00000008   Code   RO          265    .ARM.Collect$$rtentry$$00000004  c_t.l(rtentry4.o)
    0x000001e4   0x00000000   Code   RO          255    .ARM.Collect$$rtentry$$00000009  c_t.l(rtentry2.o)
    0x000001e4   0x00000004   Code   RO          256    .ARM.Collect$$rtentry$$0000000A  c_t.l(rtentry2.o)
    0x000001e8   0x00000000   Code   RO          258    .ARM.Collect$$rtentry$$0000000C  c_t.l(rtentry2.o)
    0x000001e8   0x00000028   Code   RO          259    .ARM.Collect$$rtentry$$0000000D  c_t.l(rtentry2.o)
    0x00000210   0x00000004   Ven    RO          294    .ARM.Collect$$rtexit$$00000000  c_t.l(rtexit.o)
    0x00000214   0x00000004   Code   RO          294    .ARM.Collect$$rtexit$$00000000  c_t.l(rtexit.o)
    0x00000218   0x00000000   Code   RO          348    .ARM.Collect$$rtexit$$00000002  c_t.l(rtexit2.o)
    0x00000218   0x00000004   Code   RO          349    .ARM.Collect$$rtexit$$00000003  c_t.l(rtexit2.o)
    0x0000021c   0x00000008   Code   RO          350    .ARM.Collect$$rtexit$$00000004  c_t.l(rtexit2.o)
    0x00000224   0x00000020   Code   RO            4    .text               startup.o
    0x00000244   0x00001e6c   Code   RO           11    .text               tasks.o
    0x000020b0   0x00000b4c   Code   RO           76    .text               queue.o
    0x00002bfc   0x00000114   Code   RO           91    .text               list.o
    0x00002d10   0x000001f8   Code   RO          103    .text               port.o
    0x00002f08   0x0000020c   Code   RO          121    .text               heap_2.o
    0x00003114   0x00000104   Code   RO          136    .text               uart.o
    0x00003218   0x00000154   Code   RO          152    .text               main.o
    0x0000336c   0x00000008   Ven    RO          178    .text               c_t.l(noretval__2sprintf.o)
    0x00003374   0x00000028   Code   RO          178    .text               c_t.l(noretval__2sprintf.o)
    0x0000339c   0x00000076   Code   RO          180    .text               c_t.l(__printf.o)
    0x00003412   0x00000002   PAD
    0x00003414   0x00000008   Ven    RO          186    .text               c_t.l(_printf_dec.o)
    0x0000341c   0x00000070   Code   RO          186    .text               c_t.l(_printf_dec.o)
    0x0000348c   0x000000d4   Code   RO          210    .text               c_t.l(rt_memcpy.o)
    0x00003560   0x00000010   Code   RO          212    .text               c_t.l(aeabi_memset.o)
    0x00003570   0x00000180   Code   RO          214    .text               c_t.l(aeabi_sdiv.o)
    0x000036f0   0x00000006   Code   RO          230    .text               c_t.l(heapauxi.o)
    0x000036f6   0x000000ba   Code   RO          239    .text               c_t.l(_printf_intcommon.o)
    0x000037b0   0x00000030   Code   RO          241    .text               c_t.l(_printf_char_common.o)
    0x000037e0   0x0000000a   Code   RO          243    .text               c_t.l(_sputc.o)
    0x000037ea   0x00000002   PAD
    0x000037ec   0x00000064   Code   RO          246    .text               c_t.l(rt_memcpy_w.o)
    0x00003850   0x00000040   Code   RO          248    .text               c_t.l(rt_memclr.o)
    0x00003890   0x00000004   Ven    RO          250    .text               c_t.l(rtudiv10.o)
    0x00003894   0x0000002c   Code   RO          250    .text               c_t.l(rtudiv10.o)
    0x000038c0   0x00000054   Code   RO          275    .text               c_t.l(rt_memclr_w.o)
    0x00003914   0x00000060   Code   RO          277    .text               c_t.l(sys_stackheap_outer.o)
    0x00003974   0x0000000c   Code   RO          279    .text               c_t.l(exit.o)
    0x00003980   0x0000000c   Code   RO          291    .text               c_t.l(libspace.o)
    0x0000398c   0x00000008   Ven    RO          345    .text               c_t.l(sys_exit.o)
    0x00003994   0x0000000c   Code   RO          345    .text               c_t.l(sys_exit.o)
    0x000039a0   0x00000004   Code   RO          364    .text               c_t.l(use_no_semi.o)
    0x000039a4   0x00000000   Code   RO          366    .text               c_t.l(indicate_semi.o)
    0x000039a4   0x00000024   Code   RO          215    .text_udiv          c_t.l(aeabi_sdiv.o)
    0x000039c8   0x0000018c   Code   RO          118    PORT_ASM            portasm.o
    0x00003b54   0x00000002   Code   RO          184    i.__ARM_common_call_via_r1  c_t.l(__printf.o)
    0x00003b56   0x00000002   Code   RO          182    i.__ARM_common_call_via_r2  c_t.l(__printf.o)
    0x00003b58   0x00000010   Data   RO          137    .constdata          uart.o
    0x00003b68   0x00000020   Data   RO          415    Region$$Table       anon$$obj.o


    Execution Region RW_IRAM1 (Base: 0x40000000, Size: 0x00004790, Max: 0x00008000, ABSOLUTE)

    Base Addr    Size         Type   Attr      Idx    E Section Name        Object

    0x40000000   0x0000003c   Data   RW           13    .data               tasks.o
    0x4000003c   0x00000004   Data   RW          104    .data               port.o
    0x40000040   0x00000018   Data   RW          123    .data               heap_2.o
    0x40000058   0x00000004   Data   RW          153    .data               main.o
    0x4000005c   0x000000b4   Zero   RW           12    .bss                tasks.o
    0x40000110   0x00004000   Zero   RW          122    .bss                heap_2.o
    0x40004110   0x00000060   Zero   RW          292    .bss                c_t.l(libspace.o)
    0x40004170   0x00000000   Zero   RW            2    HEAP                startup.o
    0x40004170   0x00000620   Zero   RW            1    STACK               startup.o


==============================================================================

Image component sizes


      Code (inc. data)   RO Data    RW Data    ZI Data      Debug   Object Name

       524         24          0         24      16384       3056   heap_2.o
       276          0          0          0          0       1746   list.o
       340         52          0          4          0       1067   main.o
       504         36          0          4          0       2747   port.o
       396         24          0          0          0        348   portasm.o
      2892          0          0          0          0      13261   queue.o
       292         60          0          0       1568        452   startup.o
      7788        104          0         60        180      35775   tasks.o
       260         20         16          0          0       1135   uart.o

    ----------------------------------------------------------------------
     13272        320         48         92      18132      59587   Object Totals
         0          0         32          0          0          0   (incl. Generated)
         0          0          0          0          0          0   (incl. Padding)

    ----------------------------------------------------------------------

      Code (inc. data)   RO Data    RW Data    ZI Data      Debug   Library Member Name

         8          0          0          0          0         68   __main.o
       122          0          0          0          0        208   __printf.o
        60          8          0          0          0          0   __scatter.o
        40          0          0          0          0          0   __scatter_copy.o
        44          0          0          0          0          0   __scatter_zi.o
        48          4          0          0          0         96   _printf_char_common.o
         8          0          0          0          0          0   _printf_d.o
       120         18          0          0          0         88   _printf_dec.o
       186          0          0          0          0         96   _printf_intcommon.o
         4          0          0          0          0          0   _printf_percent.o
         8          0          0          0          0          0   _printf_percent_end.o
        10          0          0          0          0         60   _sputc.o
        16          0          0          0          0         68   aeabi_memset.o
       420          0          0          0          0        148   aeabi_sdiv.o
        12          0          0          0          0         64   exit.o
         6          0          0          0          0        136   heapauxi.o
         0          0          0          0          0          0   indicate_semi.o
        10          0          0          0          0          0   libinit.o
        12          0          0          0          0          0   libinit2.o
        12          0          0          0          0          0   libshutdown.o
         6          0          0          0          0          0   libshutdown2.o
        12          4          0          0         96         68   libspace.o
        48          4          0          0          0         84   noretval__2sprintf.o
        64          0          0          0          0         68   rt_memclr.o
        84          0          0          0          0         80   rt_memclr_w.o
       212          0          0          0          0         68   rt_memcpy.o
       100          0          0          0          0         80   rt_memcpy_w.o
         0          0          0          0          0          0   rtentry.o
        44          4          0          0          0          0   rtentry2.o
         8          0          0          0          0          0   rtentry4.o
         8          0          0          0          0          0   rtexit.o
        12          0          0          0          0          0   rtexit2.o
        48          0          0          0          0         68   rtudiv10.o
        20          4          0          0          0         60   sys_exit.o
        96          0          0          0          0         80   sys_stackheap_outer.o
         4          0          0          0          0         68   use_no_semi.o

    ----------------------------------------------------------------------
      1920         46          0          0         96       1756   Library Totals
         8          0          0          0          0          0   (incl. Padding)

    ----------------------------------------------------------------------

      Code (inc. data)   RO Data    RW Data    ZI Data      Debug   Library Name

      1912         46          0          0         96       1756   c_t.l

    ----------------------------------------------------------------------
      1920         46          0          0         96       1756   Library Totals

    ----------------------------------------------------------------------

==============================================================================


      Code (inc. data)   RO Data    RW Data    ZI Data      Debug   

     15192        366         48         92      18228      59551   Grand Totals
     15192        366         48         92      18228      59551   ELF Image Totals
     15192        366         48         92          0          0   ROM Totals

==============================================================================

    Total RO  Size (Code + RO Data)                15240 (  14.88kB)
    Total RW  Size (RW Data + ZI Data)             18320 (  17.89kB)
    Total ROM Size (Code + RO Data + RW Data)      15332 (  14.97kB)

==============================================================================

