<html>
<body>
<pre>
<h1>µVision Build Log</h1>
<h2>Project:</h2>
C:\Users\VINOD\Documents\lpc2148\RTOS\binary_semaphore\binary_semaphore.uvproj
Project File Date:  07/31/2025

<h2>Output:</h2>
Rebuild target 'Target 1'
assembling Startup.s...
compiling list.c...
compiling queue.c...
C:\Keil\FreeRTOS_V9.0.0rc2\FreeRTOS\Source\queue.c(472): warning:  #177-D: function "prvInitialiseMutex" was declared but never referenced
  static void prvInitialiseMutex( Queue_t *pxNewQueue )
C:\Keil\FreeRTOS_V9.0.0rc2\FreeRTOS\Source\queue.c: 1 warning, 0 errors
compiling tasks.c...
compiling heap_2.c...
compiling port.c...
assembling portASM.s...
compiling uart.c...
compiling main.c...
linking...
Program Size: Code=13936 RO-data=48 RW-data=92 ZI-data=18228  
FromELF: creating hex file...
".\binary_semaphore.axf" - 0 Error(s), 1 Warning(s).
</pre>
</body>
</html>
