<html>
<body>
<pre>
<h1>µVision Build Log</h1>
<h2>Project:</h2>
C:\Users\VINOD\Documents\lpc2148\worksheet1\02_push_button\push_button.uvproj
Project File Date:  07/22/2025

<h2>Output:</h2>
Rebuild target 'Target 1'
assembling Startup.s...
compiling main.c...
compiling uart.c...
linking...
Program Size: Code=1132 RO-data=16 RW-data=0 ZI-data=1256  
FromELF: creating hex file...
".\push_button.axf" - 0 Error(s), 0 Warning(s).
</pre>
</body>
</html>
ng(s).
Target not created
))
C:\Keil\ARM\Inc\Philips\LPC21XX.h(164): warning:  #47-D: incompatible redefinition of macro "U0IIR" (declared at line 189 of "C:\Keil\ARM\Inc\Philips\LPC214X.h")
  #define U0IIR          (*((volatile unsigned char *) 0xE000C008))
C:\Keil\ARM\Inc\Philips\LPC21XX.h(169): warning:  #47-D: incompatible redefinition of macro "U0FDR" (declared at line 199 of "C:\Keil\ARM\Inc\Philips\LPC214X.h")
  #define U0FDR          (*((volatile unsigned char *) 0xE000C028))
C:\Keil\ARM\Inc\Philips\LPC21XX.h(176): warning:  #47-D: incompatible redefinition of macro "U1IER" (declared at line 205 of "C:\Keil\ARM\Inc\Philips\LPC214X.h")
  #define U1IER          (*((volatile unsigned char *) 0xE0010004))
C:\Keil\ARM\Inc\Philips\LPC21XX.h(177): warning:  #47-D: incompatible redefinition of macro "U1IIR" (declared at line 206 of "C:\Keil\ARM\Inc\Philips\LPC214X.h")
  #define U1IIR          (*((volatile unsigned char *) 0xE0010008))
C:\Keil\ARM\Inc\Philips\LPC21XX.h(184): warning:  #47-D: incompatible redefinition of macro "U1FDR" (declared at line 216 of "C:\Keil\ARM\Inc\Philips\LPC214X.h")
  #define U1FDR          (*((volatile unsigned char *) 0xE0010028))
main.c(8): error:  #268: declaration may not appear after executable statement in block
        int cnt=0;
main.c: 6 warnings, 1 error
compiling uart.c...
".\push_button.axf" - 1 Error(s), 6 Warning(s).
Target not created
