<html>
<body>
<pre>
<h1>µVision Build Log</h1>
<h2>Project:</h2>
C:\Users\VINOD\Documents\lpc2148\I2C\i2c_master\i2c_master.uvproj
Project File Date:  07/21/2025

<h2>Output:</h2>
Rebuild target 'Target 1'
assembling Startup.s...
compiling i2c.c...
compiling master.c...
compiling uart.c...
linking...
Program Size: Code=1488 RO-data=16 RW-data=0 ZI-data=1256  
FromELF: creating hex file...
".\i2c_master.axf" - 0 Error(s), 0 Warning(s).
</pre>
</body>
</html>
gh information to list image symbols.
Finished: 1 information, 0 warning and 2 error messages.
".\i2c_master.axf" - 2 Error(s), 0 Warning(s).
Target not created
